.next/dev/types/validator.ts(89,39): error TS2306: File 'Z:/Projects/zacs/app/signup/page.tsx' is not a module.
